Mon  1 Sep 04:00:01 MDT 2025: Starting daily container restart to refresh DNS and network stack
Mon  1 Sep 04:00:01 MDT 2025: Container not running, starting it
 Container montana-trackmania-bot  Running
Mon  1 Sep 04:00:01 MDT 2025: Daily restart completed
Tue  2 Sep 04:00:01 MDT 2025: Starting daily container restart to refresh DNS and network stack
Tue  2 Sep 04:00:01 MDT 2025: Container not running, starting it
 Container montana-trackmania-bot  Running
Tue  2 Sep 04:00:01 MDT 2025: Daily restart completed
Wed  3 Sep 04:00:02 MDT 2025: Starting daily container restart to refresh DNS and network stack
Wed  3 Sep 04:00:02 MDT 2025: Container not running, starting it
 Container montana-trackmania-bot  Running
Wed  3 Sep 04:00:02 MDT 2025: Daily restart completed
Thu  4 Sep 04:00:01 MDT 2025: Starting daily container restart to refresh DNS and network stack
Thu  4 Sep 04:00:01 MDT 2025: Container not running, starting it
 Container montana-trackmania-bot  Running
Thu  4 Sep 04:00:01 MDT 2025: Daily restart completed
Fri  5 Sep 04:00:01 MDT 2025: Starting daily container restart to refresh DNS and network stack
Fri  5 Sep 04:00:02 MDT 2025: Container not running, starting it
 Container montana-trackmania-bot  Running
Fri  5 Sep 04:00:02 MDT 2025: Daily restart completed
Sat  6 Sep 04:00:01 MDT 2025: Starting daily container restart to refresh DNS and network stack
Sat  6 Sep 04:00:01 MDT 2025: Container not running, starting it
 Container montana-trackmania-bot  Running
Sat  6 Sep 04:00:01 MDT 2025: Daily restart completed
Sun  7 Sep 04:00:01 MDT 2025: Starting daily container restart to refresh DNS and network stack
Sun  7 Sep 04:00:01 MDT 2025: Container not running, starting it
 Container montana-trackmania-bot  Running
Sun  7 Sep 04:00:02 MDT 2025: Daily restart completed
Mon  8 Sep 04:00:01 MDT 2025: Starting daily container restart to refresh DNS and network stack
Mon  8 Sep 04:00:01 MDT 2025: Container not running, starting it
 Container montana-trackmania-bot  Running
Mon  8 Sep 04:00:01 MDT 2025: Daily restart completed
Tue  9 Sep 04:00:01 MDT 2025: Starting daily container restart to refresh DNS and network stack
Tue  9 Sep 04:00:01 MDT 2025: Container not running, starting it
 Container montana-trackmania-bot  Running
Tue  9 Sep 04:00:01 MDT 2025: Daily restart completed
Wed 10 Sep 04:00:01 MDT 2025: Starting daily container restart to refresh DNS and network stack
Wed 10 Sep 04:00:01 MDT 2025: Container not running, starting it
 Container montana-trackmania-bot  Running
Wed 10 Sep 04:00:01 MDT 2025: Daily restart completed
Thu 11 Sep 04:00:01 MDT 2025: Starting daily container restart to refresh DNS and network stack
Thu 11 Sep 04:00:01 MDT 2025: Container not running, starting it
 Container montana-trackmania-bot  Running
Thu 11 Sep 04:00:01 MDT 2025: Daily restart completed
Fri 12 Sep 04:00:01 MDT 2025: Starting daily container restart to refresh DNS and network stack
Fri 12 Sep 04:00:01 MDT 2025: Container not running, starting it
 Container montana-trackmania-bot  Running
Fri 12 Sep 04:00:02 MDT 2025: Daily restart completed
Sat 13 Sep 04:00:01 MDT 2025: Starting daily container restart to refresh DNS and network stack
Sat 13 Sep 04:00:01 MDT 2025: Container not running, starting it
 Container montana-trackmania-bot  Running
Sat 13 Sep 04:00:01 MDT 2025: Daily restart completed
Sun 14 Sep 04:00:01 MDT 2025: Starting daily container restart to refresh DNS and network stack
Sun 14 Sep 04:00:01 MDT 2025: Container not running, starting it
 Container montana-trackmania-bot  Running
Sun 14 Sep 04:00:01 MDT 2025: Daily restart completed
Mon 15 Sep 04:00:01 MDT 2025: Starting daily container restart to refresh DNS and network stack
Mon 15 Sep 04:00:01 MDT 2025: Container not running, starting it
 Container montana-trackmania-bot  Running
Mon 15 Sep 04:00:01 MDT 2025: Daily restart completed
Tue 16 Sep 04:00:01 MDT 2025: Starting daily container restart to refresh DNS and network stack
Tue 16 Sep 04:00:01 MDT 2025: Container not running, starting it
 Container montana-trackmania-bot  Running
Tue 16 Sep 04:00:01 MDT 2025: Daily restart completed
Wed 17 Sep 04:00:01 MDT 2025: Starting daily container restart to refresh DNS and network stack
Wed 17 Sep 04:00:01 MDT 2025: Container not running, starting it
 Container montana-trackmania-bot  Running
Wed 17 Sep 04:00:02 MDT 2025: Daily restart completed
Thu 18 Sep 04:00:01 MDT 2025: Starting daily container restart to refresh DNS and network stack
Thu 18 Sep 04:00:01 MDT 2025: Container not running, starting it
 Container montana-trackmania-bot  Running
Thu 18 Sep 04:00:01 MDT 2025: Daily restart completed
Fri 19 Sep 04:00:01 MDT 2025: Starting daily container restart to refresh DNS and network stack
Fri 19 Sep 04:00:02 MDT 2025: Container not running, starting it
 Container montana-trackmania-bot  Running
Fri 19 Sep 04:00:02 MDT 2025: Daily restart completed
Sat 20 Sep 04:00:01 MDT 2025: Starting daily container restart to refresh DNS and network stack
Sat 20 Sep 04:00:01 MDT 2025: Container not running, starting it
 Container montana-trackmania-bot  Running
Sat 20 Sep 04:00:01 MDT 2025: Daily restart completed
Sun 21 Sep 04:00:01 MDT 2025: Starting daily container restart to refresh DNS and network stack
Sun 21 Sep 04:00:02 MDT 2025: Container not running, starting it
 Container montana-trackmania-bot  Running
Sun 21 Sep 04:00:02 MDT 2025: Daily restart completed
Mon 22 Sep 04:00:01 MDT 2025: Starting daily container restart to refresh DNS and network stack
Mon 22 Sep 04:00:01 MDT 2025: Container not running, starting it
 Container montana-trackmania-bot  Running
Mon 22 Sep 04:00:01 MDT 2025: Daily restart completed
Tue 23 Sep 04:00:01 MDT 2025: Starting daily container restart to refresh DNS and network stack
Tue 23 Sep 04:00:01 MDT 2025: Container not running, starting it
 Container montana-trackmania-bot  Running
Tue 23 Sep 04:00:01 MDT 2025: Daily restart completed
Wed 24 Sep 04:00:01 MDT 2025: Starting daily container restart to refresh DNS and network stack
Wed 24 Sep 04:00:01 MDT 2025: Container not running, starting it
 Container montana-trackmania-bot  Running
Wed 24 Sep 04:00:01 MDT 2025: Daily restart completed
Thu 25 Sep 04:00:01 MDT 2025: Starting daily container restart to refresh DNS and network stack
Thu 25 Sep 04:00:01 MDT 2025: Container not running, starting it
 Container montana-trackmania-bot  Running
Thu 25 Sep 04:00:01 MDT 2025: Daily restart completed
Fri 26 Sep 04:00:01 MDT 2025: Starting daily container restart to refresh DNS and network stack
Fri 26 Sep 04:00:01 MDT 2025: Container not running, starting it
 Container montana-trackmania-bot  Running
Fri 26 Sep 04:00:02 MDT 2025: Daily restart completed
Sat 27 Sep 04:00:01 MDT 2025: Starting daily container restart to refresh DNS and network stack
Sat 27 Sep 04:00:01 MDT 2025: Container not running, starting it
 Container montana-trackmania-bot  Running
Sat 27 Sep 04:00:01 MDT 2025: Daily restart completed
Sun 28 Sep 04:00:01 MDT 2025: Starting daily container restart to refresh DNS and network stack
Sun 28 Sep 04:00:01 MDT 2025: Container not running, starting it
 Container montana-trackmania-bot  Running
Sun 28 Sep 04:00:01 MDT 2025: Daily restart completed
Mon 29 Sep 04:00:01 MDT 2025: Starting daily container restart to refresh DNS and network stack
Mon 29 Sep 04:00:01 MDT 2025: Container not running, starting it
 Container montana-trackmania-bot  Running
Mon 29 Sep 04:00:01 MDT 2025: Daily restart completed
Tue 30 Sep 04:00:01 MDT 2025: Starting daily container restart to refresh DNS and network stack
Tue 30 Sep 04:00:01 MDT 2025: Container not running, starting it
 Container montana-trackmania-bot  Running
Tue 30 Sep 04:00:01 MDT 2025: Daily restart completed
Wed  1 Oct 04:00:01 MDT 2025: Starting daily container restart to refresh DNS and network stack
Wed  1 Oct 04:00:01 MDT 2025: Container not running, starting it
 Container montana-trackmania-bot  Running
Wed  1 Oct 04:00:01 MDT 2025: Daily restart completed
Thu  2 Oct 04:00:01 MDT 2025: Starting daily container restart to refresh DNS and network stack
Thu  2 Oct 04:00:01 MDT 2025: Container not running, starting it
 Container montana-trackmania-bot  Running
Thu  2 Oct 04:00:01 MDT 2025: Daily restart completed
Fri  3 Oct 04:00:01 MDT 2025: Starting daily container restart to refresh DNS and network stack
Fri  3 Oct 04:00:01 MDT 2025: Container not running, starting it
 Container montana-trackmania-bot  Running
Fri  3 Oct 04:00:01 MDT 2025: Daily restart completed
Sat  4 Oct 04:00:01 MDT 2025: Starting daily container restart to refresh DNS and network stack
Sat  4 Oct 04:00:01 MDT 2025: Container not running, starting it
 Container montana-trackmania-bot  Running
Sat  4 Oct 04:00:01 MDT 2025: Daily restart completed
Sun  5 Oct 04:00:01 MDT 2025: Starting daily container restart to refresh DNS and network stack
Sun  5 Oct 04:00:01 MDT 2025: Container not running, starting it
 Container montana-trackmania-bot  Running
Sun  5 Oct 04:00:01 MDT 2025: Daily restart completed
Mon  6 Oct 04:00:01 MDT 2025: Starting daily container restart to refresh DNS and network stack
Mon  6 Oct 04:00:01 MDT 2025: Container not running, starting it
 Container montana-trackmania-bot  Running
Mon  6 Oct 04:00:01 MDT 2025: Daily restart completed
Tue  7 Oct 04:00:01 MDT 2025: Starting daily container restart to refresh DNS and network stack
Tue  7 Oct 04:00:01 MDT 2025: Container not running, starting it
 Container montana-trackmania-bot  Running
Tue  7 Oct 04:00:01 MDT 2025: Daily restart completed
Wed  8 Oct 04:00:01 MDT 2025: Starting daily container restart to refresh DNS and network stack
Wed  8 Oct 04:00:01 MDT 2025: Container not running, starting it
 Container montana-trackmania-bot  Running
Wed  8 Oct 04:00:01 MDT 2025: Daily restart completed
Thu  9 Oct 04:00:01 MDT 2025: Starting daily container restart to refresh DNS and network stack
Thu  9 Oct 04:00:02 MDT 2025: Container not running, starting it
 Container montana-trackmania-bot  Running
Thu  9 Oct 04:00:02 MDT 2025: Daily restart completed
Fri 10 Oct 04:00:01 MDT 2025: Starting daily container restart to refresh DNS and network stack
Fri 10 Oct 04:00:01 MDT 2025: Container not running, starting it
 Container montana-trackmania-bot  Running
Fri 10 Oct 04:00:01 MDT 2025: Daily restart completed
Sat 11 Oct 04:00:01 MDT 2025: Starting daily container restart to refresh DNS and network stack
Sat 11 Oct 04:00:01 MDT 2025: Container not running, starting it
 Container montana-trackmania-bot  Running
Sat 11 Oct 04:00:01 MDT 2025: Daily restart completed
Sun 12 Oct 04:00:01 MDT 2025: Starting daily container restart to refresh DNS and network stack
Sun 12 Oct 04:00:01 MDT 2025: Container not running, starting it
 Container montana-trackmania-bot  Running
Sun 12 Oct 04:00:01 MDT 2025: Daily restart completed
Mon 13 Oct 04:00:01 MDT 2025: Starting daily container restart to refresh DNS and network stack
Mon 13 Oct 04:00:01 MDT 2025: Container not running, starting it
 Container montana-trackmania-bot  Running
Mon 13 Oct 04:00:01 MDT 2025: Daily restart completed
Tue 14 Oct 04:00:01 MDT 2025: Starting daily container restart to refresh DNS and network stack
Tue 14 Oct 04:00:01 MDT 2025: Container not running, starting it
 Container montana-trackmania-bot  Running
Tue 14 Oct 04:00:01 MDT 2025: Daily restart completed
Wed 15 Oct 04:00:01 MDT 2025: Starting daily container restart to refresh DNS and network stack
Wed 15 Oct 04:00:01 MDT 2025: Container not running, starting it
 Container montana-trackmania-bot  Running
Wed 15 Oct 04:00:01 MDT 2025: Daily restart completed
Thu 16 Oct 04:00:01 MDT 2025: Starting daily container restart to refresh DNS and network stack
Thu 16 Oct 04:00:01 MDT 2025: Container not running, starting it
 Container montana-trackmania-bot  Running
Thu 16 Oct 04:00:01 MDT 2025: Daily restart completed
Fri 17 Oct 04:00:01 MDT 2025: Starting daily container restart to refresh DNS and network stack
Fri 17 Oct 04:00:01 MDT 2025: Container not running, starting it
 Container montana-trackmania-bot  Running
Fri 17 Oct 04:00:01 MDT 2025: Daily restart completed
Sat 18 Oct 04:00:01 MDT 2025: Starting daily container restart to refresh DNS and network stack
Sat 18 Oct 04:00:01 MDT 2025: Container not running, starting it
 Container montana-trackmania-bot  Running
Sat 18 Oct 04:00:02 MDT 2025: Daily restart completed
Sun 19 Oct 04:00:01 MDT 2025: Starting daily container restart to refresh DNS and network stack
Sun 19 Oct 04:00:01 MDT 2025: Container not running, starting it
 Container montana-trackmania-bot  Running
Sun 19 Oct 04:00:01 MDT 2025: Daily restart completed
Mon 20 Oct 04:00:01 MDT 2025: Starting daily container restart to refresh DNS and network stack
Mon 20 Oct 04:00:01 MDT 2025: Container not running, starting it
 Container montana-trackmania-bot  Running
Mon 20 Oct 04:00:01 MDT 2025: Daily restart completed
Tue 21 Oct 04:00:01 MDT 2025: Starting daily container restart to refresh DNS and network stack
Tue 21 Oct 04:00:01 MDT 2025: Container not running, starting it
 Container montana-trackmania-bot  Running
Tue 21 Oct 04:00:01 MDT 2025: Daily restart completed
Wed 22 Oct 04:00:01 MDT 2025: Starting daily container restart to refresh DNS and network stack
Wed 22 Oct 04:00:01 MDT 2025: Container not running, starting it
 Container montana-trackmania-bot  Running
Wed 22 Oct 04:00:01 MDT 2025: Daily restart completed
Thu 23 Oct 04:00:01 MDT 2025: Starting daily container restart to refresh DNS and network stack
Thu 23 Oct 04:00:01 MDT 2025: Container not running, starting it
 Container montana-trackmania-bot  Running
Thu 23 Oct 04:00:01 MDT 2025: Daily restart completed
Fri 24 Oct 04:00:01 MDT 2025: Starting daily container restart to refresh DNS and network stack
Fri 24 Oct 04:00:01 MDT 2025: Container not running, starting it
 Container montana-trackmania-bot  Running
Fri 24 Oct 04:00:01 MDT 2025: Daily restart completed
Sat 25 Oct 04:00:01 MDT 2025: Starting daily container restart to refresh DNS and network stack
Sat 25 Oct 04:00:01 MDT 2025: Container not running, starting it
 Container montana-trackmania-bot  Running
Sat 25 Oct 04:00:01 MDT 2025: Daily restart completed
Sun 26 Oct 04:00:01 MDT 2025: Starting daily container restart to refresh DNS and network stack
Sun 26 Oct 04:00:01 MDT 2025: Container not running, starting it
 Container montana-trackmania-bot  Running
Sun 26 Oct 04:00:01 MDT 2025: Daily restart completed
Mon 27 Oct 04:00:01 MDT 2025: Starting daily container restart to refresh DNS and network stack
Mon 27 Oct 04:00:01 MDT 2025: Container not running, starting it
 Container montana-trackmania-bot  Running
Mon 27 Oct 04:00:01 MDT 2025: Daily restart completed
Tue 28 Oct 04:00:01 MDT 2025: Starting daily container restart to refresh DNS and network stack
Tue 28 Oct 04:00:01 MDT 2025: Container not running, starting it
 Container montana-trackmania-bot  Running
Tue 28 Oct 04:00:01 MDT 2025: Daily restart completed
Wed 29 Oct 04:00:01 MDT 2025: Starting daily container restart to refresh DNS and network stack
Wed 29 Oct 04:00:01 MDT 2025: Container not running, starting it
 Container montana-trackmania-bot  Running
Wed 29 Oct 04:00:01 MDT 2025: Daily restart completed
Thu 30 Oct 04:00:01 MDT 2025: Starting daily container restart to refresh DNS and network stack
Thu 30 Oct 04:00:02 MDT 2025: Container not running, starting it
 Container montana-trackmania-bot  Running
Thu 30 Oct 04:00:03 MDT 2025: Daily restart completed
Fri 31 Oct 04:00:01 MDT 2025: Starting daily container restart to refresh DNS and network stack
Fri 31 Oct 04:00:01 MDT 2025: Container not running, starting it
 Container montana-trackmania-bot  Running
Fri 31 Oct 04:00:01 MDT 2025: Daily restart completed
Sat  1 Nov 04:00:01 MDT 2025: Starting daily container restart to refresh DNS and network stack
Sat  1 Nov 04:00:01 MDT 2025: Container not running, starting it
 Container montana-trackmania-bot  Running
Sat  1 Nov 04:00:01 MDT 2025: Daily restart completed
Sun  2 Nov 04:00:01 MST 2025: Starting daily container restart to refresh DNS and network stack
Sun  2 Nov 04:00:01 MST 2025: Container not running, starting it
 Container montana-trackmania-bot  Running
Sun  2 Nov 04:00:01 MST 2025: Daily restart completed
Mon  3 Nov 04:00:01 MST 2025: Starting daily container restart to refresh DNS and network stack
Mon  3 Nov 04:00:01 MST 2025: Container not running, starting it
 Container montana-trackmania-bot  Running
Mon  3 Nov 04:00:01 MST 2025: Daily restart completed
Tue  4 Nov 04:00:01 MST 2025: Starting daily container restart to refresh DNS and network stack
Tue  4 Nov 04:00:01 MST 2025: Container not running, starting it
 Container montana-trackmania-bot  Running
Tue  4 Nov 04:00:01 MST 2025: Daily restart completed
Wed  5 Nov 04:00:01 MST 2025: Starting daily container restart to refresh DNS and network stack
Wed  5 Nov 04:00:01 MST 2025: Container not running, starting it
 Container montana-trackmania-bot  Running
Wed  5 Nov 04:00:02 MST 2025: Daily restart completed
Thu  6 Nov 04:00:01 MST 2025: Starting daily container restart to refresh DNS and network stack
Thu  6 Nov 04:00:01 MST 2025: Container not running, starting it
 Container montana-trackmania-bot  Running
Thu  6 Nov 04:00:01 MST 2025: Daily restart completed
Fri  7 Nov 04:00:01 MST 2025: Starting daily container restart to refresh DNS and network stack
Fri  7 Nov 04:00:01 MST 2025: Container not running, starting it
 Container montana-trackmania-bot  Running
Fri  7 Nov 04:00:01 MST 2025: Daily restart completed
Sat  8 Nov 04:00:01 MST 2025: Starting daily container restart to refresh DNS and network stack
Sat  8 Nov 04:00:01 MST 2025: Container not running, starting it
 Container montana-trackmania-bot  Running
Sat  8 Nov 04:00:01 MST 2025: Daily restart completed
Sun  9 Nov 04:00:01 MST 2025: Starting daily container restart to refresh DNS and network stack
Sun  9 Nov 04:00:01 MST 2025: Container not running, starting it
 Container montana-trackmania-bot  Running
Sun  9 Nov 04:00:01 MST 2025: Daily restart completed
Mon 10 Nov 04:00:01 MST 2025: Starting daily container restart to refresh DNS and network stack
Mon 10 Nov 04:00:01 MST 2025: Container not running, starting it
 Container montana-trackmania-bot  Running
Mon 10 Nov 04:00:01 MST 2025: Daily restart completed
Tue 11 Nov 04:00:01 MST 2025: Starting daily container restart to refresh DNS and network stack
Tue 11 Nov 04:00:01 MST 2025: Container not running, starting it
 Container montana-trackmania-bot  Running
Tue 11 Nov 04:00:01 MST 2025: Daily restart completed
Wed 12 Nov 04:00:01 MST 2025: Starting daily container restart to refresh DNS and network stack
Wed 12 Nov 04:00:01 MST 2025: Container not running, starting it
 Container montana-trackmania-bot  Running
Wed 12 Nov 04:00:01 MST 2025: Daily restart completed
Thu 13 Nov 04:00:01 MST 2025: Starting daily container restart to refresh DNS and network stack
Thu 13 Nov 04:00:01 MST 2025: Container not running, starting it
 Container montana-trackmania-bot  Running
Thu 13 Nov 04:00:01 MST 2025: Daily restart completed
Fri 14 Nov 04:00:01 MST 2025: Starting daily container restart to refresh DNS and network stack
Fri 14 Nov 04:00:01 MST 2025: Container not running, starting it
 Container montana-trackmania-bot  Running
Fri 14 Nov 04:00:01 MST 2025: Daily restart completed
Sat 15 Nov 04:00:01 MST 2025: Starting daily container restart to refresh DNS and network stack
Sat 15 Nov 04:00:01 MST 2025: Container not running, starting it
 Container montana-trackmania-bot  Running
Sat 15 Nov 04:00:01 MST 2025: Daily restart completed
Sun 16 Nov 04:00:01 MST 2025: Starting daily container restart to refresh DNS and network stack
Sun 16 Nov 04:00:01 MST 2025: Container not running, starting it
 Container montana-trackmania-bot  Running
Sun 16 Nov 04:00:01 MST 2025: Daily restart completed
Mon 17 Nov 04:00:01 MST 2025: Starting daily container restart to refresh DNS and network stack
Mon 17 Nov 04:00:01 MST 2025: Container not running, starting it
 Container montana-trackmania-bot  Running
Mon 17 Nov 04:00:01 MST 2025: Daily restart completed
Tue 18 Nov 04:00:01 MST 2025: Starting daily container restart to refresh DNS and network stack
Tue 18 Nov 04:00:01 MST 2025: Container not running, starting it
 Container montana-trackmania-bot  Running
Tue 18 Nov 04:00:02 MST 2025: Daily restart completed
Wed 19 Nov 04:00:01 MST 2025: Starting daily container restart to refresh DNS and network stack
Wed 19 Nov 04:00:01 MST 2025: Container not running, starting it
 Container montana-trackmania-bot  Running
Wed 19 Nov 04:00:01 MST 2025: Daily restart completed
Thu 20 Nov 04:00:01 MST 2025: Starting daily container restart to refresh DNS and network stack
Thu 20 Nov 04:00:01 MST 2025: Container not running, starting it
 Container montana-trackmania-bot  Running
Thu 20 Nov 04:00:01 MST 2025: Daily restart completed
Fri 21 Nov 04:00:01 MST 2025: Starting daily container restart to refresh DNS and network stack
Fri 21 Nov 04:00:01 MST 2025: Container not running, starting it
 Container montana-trackmania-bot  Running
Fri 21 Nov 04:00:01 MST 2025: Daily restart completed
Sat 22 Nov 04:00:01 MST 2025: Starting daily container restart to refresh DNS and network stack
Sat 22 Nov 04:00:01 MST 2025: Container not running, starting it
 Container montana-trackmania-bot  Running
Sat 22 Nov 04:00:01 MST 2025: Daily restart completed
Sun 23 Nov 04:00:01 MST 2025: Starting daily container restart to refresh DNS and network stack
Sun 23 Nov 04:00:01 MST 2025: Container not running, starting it
 Container montana-trackmania-bot  Running
Sun 23 Nov 04:00:01 MST 2025: Daily restart completed
Mon 24 Nov 04:00:01 MST 2025: Starting daily container restart to refresh DNS and network stack
Mon 24 Nov 04:00:01 MST 2025: Container not running, starting it
 Container montana-trackmania-bot  Running
Mon 24 Nov 04:00:01 MST 2025: Daily restart completed
Tue 25 Nov 04:00:01 MST 2025: Starting daily container restart to refresh DNS and network stack
Tue 25 Nov 04:00:01 MST 2025: Container not running, starting it
 Container montana-trackmania-bot  Running
Tue 25 Nov 04:00:01 MST 2025: Daily restart completed
Wed 26 Nov 04:00:01 MST 2025: Starting daily container restart to refresh DNS and network stack
Wed 26 Nov 04:00:01 MST 2025: Container not running, starting it
 Container montana-trackmania-bot  Running
Wed 26 Nov 04:00:01 MST 2025: Daily restart completed
Thu 27 Nov 04:00:01 MST 2025: Starting daily container restart to refresh DNS and network stack
Thu 27 Nov 04:00:01 MST 2025: Container not running, starting it
 Container montana-trackmania-bot  Running
Thu 27 Nov 04:00:01 MST 2025: Daily restart completed
Fri 28 Nov 04:00:01 MST 2025: Starting daily container restart to refresh DNS and network stack
Fri 28 Nov 04:00:01 MST 2025: Container not running, starting it
 Container montana-trackmania-bot  Running
Fri 28 Nov 04:00:02 MST 2025: Daily restart completed
Sat 29 Nov 04:00:01 MST 2025: Starting daily container restart to refresh DNS and network stack
Sat 29 Nov 04:00:01 MST 2025: Container not running, starting it
 Container montana-trackmania-bot  Running
Sat 29 Nov 04:00:01 MST 2025: Daily restart completed
Sun 30 Nov 04:00:01 MST 2025: Starting daily container restart to refresh DNS and network stack
Sun 30 Nov 04:00:01 MST 2025: Container not running, starting it
 Container montana-trackmania-bot  Running
Sun 30 Nov 04:00:02 MST 2025: Daily restart completed
Mon  1 Dec 04:00:02 MST 2025: Starting daily container restart to refresh DNS and network stack
Mon  1 Dec 04:00:03 MST 2025: Container not running, starting it
 Container montana-trackmania-bot  Running
Mon  1 Dec 04:00:03 MST 2025: Daily restart completed
Tue  2 Dec 04:00:01 MST 2025: Starting daily container restart to refresh DNS and network stack
Tue  2 Dec 04:00:01 MST 2025: Container not running, starting it
 Container montana-trackmania-bot  Running
Tue  2 Dec 04:00:01 MST 2025: Daily restart completed
Wed  3 Dec 04:00:01 MST 2025: Starting daily container restart to refresh DNS and network stack
Wed  3 Dec 04:00:01 MST 2025: Container not running, starting it
 Container montana-trackmania-bot  Running
Wed  3 Dec 04:00:01 MST 2025: Daily restart completed
Thu  4 Dec 04:00:01 MST 2025: Starting daily container restart to refresh DNS and network stack
Thu  4 Dec 04:00:01 MST 2025: Container not running, starting it
 Container montana-trackmania-bot  Running
Thu  4 Dec 04:00:01 MST 2025: Daily restart completed
Fri  5 Dec 04:00:01 MST 2025: Starting daily container restart to refresh DNS and network stack
Fri  5 Dec 04:00:01 MST 2025: Container not running, starting it
 Container montana-trackmania-bot  Running
Fri  5 Dec 04:00:01 MST 2025: Daily restart completed
Sat  6 Dec 04:00:01 MST 2025: Starting daily container restart to refresh DNS and network stack
Sat  6 Dec 04:00:01 MST 2025: Container not running, starting it
 Container montana-trackmania-bot  Running
Sat  6 Dec 04:00:02 MST 2025: Daily restart completed
Sun  7 Dec 04:00:01 MST 2025: Starting daily container restart to refresh DNS and network stack
Sun  7 Dec 04:00:01 MST 2025: Container not running, starting it
 Container montana-trackmania-bot  Running
Sun  7 Dec 04:00:01 MST 2025: Daily restart completed
Mon  8 Dec 04:00:01 MST 2025: Starting daily container restart to refresh DNS and network stack
Mon  8 Dec 04:00:01 MST 2025: Container not running, starting it
 Container montana-trackmania-bot  Running
Mon  8 Dec 04:00:01 MST 2025: Daily restart completed
Tue  9 Dec 04:00:01 MST 2025: Starting daily container restart to refresh DNS and network stack
Tue  9 Dec 04:00:01 MST 2025: Container not running, starting it
 Container montana-trackmania-bot  Running
Tue  9 Dec 04:00:01 MST 2025: Daily restart completed
Wed 10 Dec 04:00:01 MST 2025: Starting daily container restart to refresh DNS and network stack
Wed 10 Dec 04:00:01 MST 2025: Container not running, starting it
 Container montana-trackmania-bot  Running
Wed 10 Dec 04:00:01 MST 2025: Daily restart completed
Thu 11 Dec 04:00:01 MST 2025: Starting daily container restart to refresh DNS and network stack
Thu 11 Dec 04:00:01 MST 2025: Container not running, starting it
 Container montana-trackmania-bot  Running
Thu 11 Dec 04:00:01 MST 2025: Daily restart completed
Fri 12 Dec 04:00:01 MST 2025: Starting daily container restart to refresh DNS and network stack
Fri 12 Dec 04:00:01 MST 2025: Container not running, starting it
 Container montana-trackmania-bot  Running
Fri 12 Dec 04:00:01 MST 2025: Daily restart completed
Sat 13 Dec 04:00:01 MST 2025: Starting daily container restart to refresh DNS and network stack
Sat 13 Dec 04:00:02 MST 2025: Container not running, starting it
 Container montana-trackmania-bot  Running
Sat 13 Dec 04:00:02 MST 2025: Daily restart completed
Sun 14 Dec 04:00:01 MST 2025: Starting daily container restart to refresh DNS and network stack
Sun 14 Dec 04:00:02 MST 2025: Container not running, starting it
 Container montana-trackmania-bot  Running
Sun 14 Dec 04:00:02 MST 2025: Daily restart completed
Mon 15 Dec 04:00:01 MST 2025: Starting daily container restart to refresh DNS and network stack
Mon 15 Dec 04:00:01 MST 2025: Container not running, starting it
 Container montana-trackmania-bot  Running
Mon 15 Dec 04:00:01 MST 2025: Daily restart completed
Tue 16 Dec 04:00:01 MST 2025: Starting daily container restart to refresh DNS and network stack
Tue 16 Dec 04:00:01 MST 2025: Container not running, starting it
 Container montana-trackmania-bot  Running
Tue 16 Dec 04:00:01 MST 2025: Daily restart completed
Wed 17 Dec 04:00:01 MST 2025: Starting daily container restart to refresh DNS and network stack
Wed 17 Dec 04:00:01 MST 2025: Container not running, starting it
 Container montana-trackmania-bot  Running
Wed 17 Dec 04:00:01 MST 2025: Daily restart completed
Thu 18 Dec 04:00:01 MST 2025: Starting daily container restart to refresh DNS and network stack
Thu 18 Dec 04:00:01 MST 2025: Container not running, starting it
 Container montana-trackmania-bot  Running
Thu 18 Dec 04:00:01 MST 2025: Daily restart completed
Fri 19 Dec 04:00:01 MST 2025: Starting daily container restart to refresh DNS and network stack
Fri 19 Dec 04:00:01 MST 2025: Container not running, starting it
 Container montana-trackmania-bot  Running
Fri 19 Dec 04:00:01 MST 2025: Daily restart completed
Sat 20 Dec 04:00:01 MST 2025: Starting daily container restart to refresh DNS and network stack
Sat 20 Dec 04:00:01 MST 2025: Container not running, starting it
 Container montana-trackmania-bot  Running
Sat 20 Dec 04:00:01 MST 2025: Daily restart completed
Sun 21 Dec 04:00:01 MST 2025: Starting daily container restart to refresh DNS and network stack
Sun 21 Dec 04:00:01 MST 2025: Container not running, starting it
 Container montana-trackmania-bot  Running
Sun 21 Dec 04:00:01 MST 2025: Daily restart completed
Mon 22 Dec 04:00:01 MST 2025: Starting daily container restart to refresh DNS and network stack
Mon 22 Dec 04:00:01 MST 2025: Container not running, starting it
 Container montana-trackmania-bot  Running
Mon 22 Dec 04:00:01 MST 2025: Daily restart completed
Tue 23 Dec 04:00:01 MST 2025: Starting daily container restart to refresh DNS and network stack
Tue 23 Dec 04:00:01 MST 2025: Container not running, starting it
 Container montana-trackmania-bot  Running
Tue 23 Dec 04:00:02 MST 2025: Daily restart completed
Wed 24 Dec 04:00:01 MST 2025: Starting daily container restart to refresh DNS and network stack
Wed 24 Dec 04:00:01 MST 2025: Container not running, starting it
 Container montana-trackmania-bot  Running
Wed 24 Dec 04:00:01 MST 2025: Daily restart completed
Thu 25 Dec 04:00:01 MST 2025: Starting daily container restart to refresh DNS and network stack
Thu 25 Dec 04:00:01 MST 2025: Container not running, starting it
 Container montana-trackmania-bot  Running
Thu 25 Dec 04:00:01 MST 2025: Daily restart completed
Fri 26 Dec 04:00:01 MST 2025: Starting daily container restart to refresh DNS and network stack
Fri 26 Dec 04:00:01 MST 2025: Container not running, starting it
 Container montana-trackmania-bot  Running
Fri 26 Dec 04:00:01 MST 2025: Daily restart completed
Sat 27 Dec 04:00:01 MST 2025: Starting daily container restart to refresh DNS and network stack
Sat 27 Dec 04:00:02 MST 2025: Container not running, starting it
 Container montana-trackmania-bot  Running
Sat 27 Dec 04:00:02 MST 2025: Daily restart completed
Sun 28 Dec 04:00:01 MST 2025: Starting daily container restart to refresh DNS and network stack
Sun 28 Dec 04:00:01 MST 2025: Container not running, starting it
 Container montana-trackmania-bot  Running
Sun 28 Dec 04:00:01 MST 2025: Daily restart completed
Mon 29 Dec 04:00:01 MST 2025: Starting daily container restart to refresh DNS and network stack
Mon 29 Dec 04:00:01 MST 2025: Container not running, starting it
 Container montana-trackmania-bot  Running
Mon 29 Dec 04:00:01 MST 2025: Daily restart completed
Tue 30 Dec 04:00:01 MST 2025: Starting daily container restart to refresh DNS and network stack
Tue 30 Dec 04:00:01 MST 2025: Container not running, starting it
 Container montana-trackmania-bot  Running
Tue 30 Dec 04:00:01 MST 2025: Daily restart completed
Wed 31 Dec 04:00:01 MST 2025: Starting daily container restart to refresh DNS and network stack
Wed 31 Dec 04:00:01 MST 2025: Container not running, starting it
 Container montana-trackmania-bot  Running
Wed 31 Dec 04:00:01 MST 2025: Daily restart completed
Thu  1 Jan 04:00:01 MST 2026: Starting daily container restart to refresh DNS and network stack
Thu  1 Jan 04:00:01 MST 2026: Container not running, starting it
 Container montana-trackmania-bot  Running
Thu  1 Jan 04:00:02 MST 2026: Daily restart completed
Fri  2 Jan 04:00:01 MST 2026: Starting daily container restart to refresh DNS and network stack
Fri  2 Jan 04:00:01 MST 2026: Container not running, starting it
 Container montana-trackmania-bot  Running
Fri  2 Jan 04:00:01 MST 2026: Daily restart completed
Sat  3 Jan 04:00:01 MST 2026: Starting daily container restart to refresh DNS and network stack
Sat  3 Jan 04:00:01 MST 2026: Container not running, starting it
 Container montana-trackmania-bot  Running
Sat  3 Jan 04:00:01 MST 2026: Daily restart completed
Sun  4 Jan 04:00:01 MST 2026: Starting daily container restart to refresh DNS and network stack
Sun  4 Jan 04:00:02 MST 2026: Container not running, starting it
 Container montana-trackmania-bot  Running
Sun  4 Jan 04:00:02 MST 2026: Daily restart completed
Mon  5 Jan 04:00:01 MST 2026: Starting daily container restart to refresh DNS and network stack
Mon  5 Jan 04:00:01 MST 2026: Container not running, starting it
 Container montana-trackmania-bot  Running
Mon  5 Jan 04:00:01 MST 2026: Daily restart completed
Tue  6 Jan 04:00:01 MST 2026: Starting daily container restart to refresh DNS and network stack
Tue  6 Jan 04:00:02 MST 2026: Container not running, starting it
 Container montana-trackmania-bot  Running
Tue  6 Jan 04:00:02 MST 2026: Daily restart completed
Wed  7 Jan 04:00:01 MST 2026: Starting daily container restart to refresh DNS and network stack
Wed  7 Jan 04:00:01 MST 2026: Container not running, starting it
 Container montana-trackmania-bot  Running
Wed  7 Jan 04:00:01 MST 2026: Daily restart completed
Thu  8 Jan 04:00:01 MST 2026: Starting daily container restart to refresh DNS and network stack
Thu  8 Jan 04:00:01 MST 2026: Container not running, starting it
 Container montana-trackmania-bot  Running
Thu  8 Jan 04:00:02 MST 2026: Daily restart completed
Fri  9 Jan 04:00:01 MST 2026: Starting daily container restart to refresh DNS and network stack
Fri  9 Jan 04:00:01 MST 2026: Container not running, starting it
 Container montana-trackmania-bot  Running
Fri  9 Jan 04:00:01 MST 2026: Daily restart completed
Sat 10 Jan 04:00:01 MST 2026: Starting daily container restart to refresh DNS and network stack
Sat 10 Jan 04:00:01 MST 2026: Container not running, starting it
 Container montana-trackmania-bot  Running
Sat 10 Jan 04:00:01 MST 2026: Daily restart completed
Sun 11 Jan 04:00:01 MST 2026: Starting daily container restart to refresh DNS and network stack
Sun 11 Jan 04:00:01 MST 2026: Container not running, starting it
 Container montana-trackmania-bot  Running
Sun 11 Jan 04:00:01 MST 2026: Daily restart completed
Mon 12 Jan 04:00:01 MST 2026: Starting daily container restart to refresh DNS and network stack
Mon 12 Jan 04:00:02 MST 2026: Container not running, starting it
 Container montana-trackmania-bot  Running
Mon 12 Jan 04:00:02 MST 2026: Daily restart completed
Tue 13 Jan 04:00:01 MST 2026: Starting daily container restart to refresh DNS and network stack
Tue 13 Jan 04:00:01 MST 2026: Container not running, starting it
 Container montana-trackmania-bot  Running
Tue 13 Jan 04:00:01 MST 2026: Daily restart completed
Wed 14 Jan 04:00:01 MST 2026: Starting daily container restart to refresh DNS and network stack
Wed 14 Jan 04:00:01 MST 2026: Container not running, starting it
 Container montana-trackmania-bot  Running
Wed 14 Jan 04:00:01 MST 2026: Daily restart completed
Thu 15 Jan 04:00:01 MST 2026: Starting daily container restart to refresh DNS and network stack
Thu 15 Jan 04:00:01 MST 2026: Container not running, starting it
 Container montana-trackmania-bot  Running
Thu 15 Jan 04:00:01 MST 2026: Daily restart completed
Fri 16 Jan 04:00:01 MST 2026: Starting daily container restart to refresh DNS and network stack
Fri 16 Jan 04:00:01 MST 2026: Container not running, starting it
 Container montana-trackmania-bot  Running
Fri 16 Jan 04:00:01 MST 2026: Daily restart completed
Sat 17 Jan 04:00:01 MST 2026: Starting daily container restart to refresh DNS and network stack
Sat 17 Jan 04:00:01 MST 2026: Container not running, starting it
 Container montana-trackmania-bot  Running
Sat 17 Jan 04:00:01 MST 2026: Daily restart completed
Sun 18 Jan 04:00:02 MST 2026: Starting daily container restart to refresh DNS and network stack
Sun 18 Jan 04:00:02 MST 2026: Container not running, starting it
 Container montana-trackmania-bot  Running
Sun 18 Jan 04:00:02 MST 2026: Daily restart completed
Mon 19 Jan 04:00:01 MST 2026: Starting daily container restart to refresh DNS and network stack
Mon 19 Jan 04:00:01 MST 2026: Container not running, starting it
 Container montana-trackmania-bot  Running
Mon 19 Jan 04:00:01 MST 2026: Daily restart completed
Tue 20 Jan 04:00:01 MST 2026: Starting daily container restart to refresh DNS and network stack
Tue 20 Jan 04:00:01 MST 2026: Container not running, starting it
 Container montana-trackmania-bot  Running
Tue 20 Jan 04:00:01 MST 2026: Daily restart completed
Wed 21 Jan 04:00:01 MST 2026: Starting daily container restart to refresh DNS and network stack
Wed 21 Jan 04:00:01 MST 2026: Container not running, starting it
 Container montana-trackmania-bot  Running
Wed 21 Jan 04:00:01 MST 2026: Daily restart completed
Thu 22 Jan 04:00:01 MST 2026: Starting daily container restart to refresh DNS and network stack
Thu 22 Jan 04:00:02 MST 2026: Container not running, starting it
 Container montana-trackmania-bot  Running
Thu 22 Jan 04:00:02 MST 2026: Daily restart completed
Fri 23 Jan 04:00:01 MST 2026: Starting daily container restart to refresh DNS and network stack
Fri 23 Jan 04:00:01 MST 2026: Container not running, starting it
 Container montana-trackmania-bot  Running
Fri 23 Jan 04:00:01 MST 2026: Daily restart completed
Sat 24 Jan 04:00:01 MST 2026: Starting daily container restart to refresh DNS and network stack
Sat 24 Jan 04:00:01 MST 2026: Container not running, starting it
 Container montana-trackmania-bot  Running
Sat 24 Jan 04:00:02 MST 2026: Daily restart completed
Sun 25 Jan 04:00:01 MST 2026: Starting daily container restart to refresh DNS and network stack
Sun 25 Jan 04:00:01 MST 2026: Container not running, starting it
 Container montana-trackmania-bot  Running
Sun 25 Jan 04:00:01 MST 2026: Daily restart completed
Mon 26 Jan 04:00:01 MST 2026: Starting daily container restart to refresh DNS and network stack
Mon 26 Jan 04:00:01 MST 2026: Container not running, starting it
 Container montana-trackmania-bot  Running
Mon 26 Jan 04:00:02 MST 2026: Daily restart completed
Tue 27 Jan 04:00:01 MST 2026: Starting daily container restart to refresh DNS and network stack
Tue 27 Jan 04:00:01 MST 2026: Container not running, starting it
 Container montana-trackmania-bot  Running
Tue 27 Jan 04:00:01 MST 2026: Daily restart completed
Wed 28 Jan 04:00:01 MST 2026: Starting daily container restart to refresh DNS and network stack
Wed 28 Jan 04:00:01 MST 2026: Container not running, starting it
 Container montana-trackmania-bot  Running
Wed 28 Jan 04:00:01 MST 2026: Daily restart completed
Thu 29 Jan 04:00:01 MST 2026: Starting daily container restart to refresh DNS and network stack
Thu 29 Jan 04:00:01 MST 2026: Container not running, starting it
 Container montana-trackmania-bot  Running
Thu 29 Jan 04:00:01 MST 2026: Daily restart completed
Fri 30 Jan 04:00:01 MST 2026: Starting daily container restart to refresh DNS and network stack
Fri 30 Jan 04:00:01 MST 2026: Container not running, starting it
 Container montana-trackmania-bot  Running
Fri 30 Jan 04:00:03 MST 2026: Daily restart completed
Sat 31 Jan 04:00:01 MST 2026: Starting daily container restart to refresh DNS and network stack
Sat 31 Jan 04:00:01 MST 2026: Container not running, starting it
 Container montana-trackmania-bot  Running
Sat 31 Jan 04:00:01 MST 2026: Daily restart completed
Sun  1 Feb 04:00:01 MST 2026: Starting daily container restart to refresh DNS and network stack
Sun  1 Feb 04:00:01 MST 2026: Container not running, starting it
 Container montana-trackmania-bot  Running
Sun  1 Feb 04:00:02 MST 2026: Daily restart completed
Mon  2 Feb 04:00:01 MST 2026: Starting daily container restart to refresh DNS and network stack
Mon  2 Feb 04:00:01 MST 2026: Container not running, starting it
 Container montana-trackmania-bot  Running
Mon  2 Feb 04:00:01 MST 2026: Daily restart completed
Tue  3 Feb 04:00:01 MST 2026: Starting daily container restart to refresh DNS and network stack
Tue  3 Feb 04:00:01 MST 2026: Container not running, starting it
 Container montana-trackmania-bot  Running
Tue  3 Feb 04:00:02 MST 2026: Daily restart completed
Wed  4 Feb 04:00:01 MST 2026: Starting daily container restart to refresh DNS and network stack
Wed  4 Feb 04:00:01 MST 2026: Container not running, starting it
 Container montana-trackmania-bot  Running
Wed  4 Feb 04:00:01 MST 2026: Daily restart completed
Thu  5 Feb 04:00:01 MST 2026: Starting daily container restart to refresh DNS and network stack
Thu  5 Feb 04:00:01 MST 2026: Container not running, starting it
 Container montana-trackmania-bot  Running
Thu  5 Feb 04:00:01 MST 2026: Daily restart completed
Fri  6 Feb 04:00:01 MST 2026: Starting daily container restart to refresh DNS and network stack
Fri  6 Feb 04:00:01 MST 2026: Container not running, starting it
 Container montana-trackmania-bot  Running
Fri  6 Feb 04:00:01 MST 2026: Daily restart completed
Sat  7 Feb 04:00:01 MST 2026: Starting daily container restart to refresh DNS and network stack
Sat  7 Feb 04:00:01 MST 2026: Container not running, starting it
 Container montana-trackmania-bot  Running
Sat  7 Feb 04:00:01 MST 2026: Daily restart completed
Sun  8 Feb 04:00:02 MST 2026: Starting daily container restart to refresh DNS and network stack
Sun  8 Feb 04:00:02 MST 2026: Container not running, starting it
 Container montana-trackmania-bot  Running
Sun  8 Feb 04:00:02 MST 2026: Daily restart completed
Mon  9 Feb 04:00:01 MST 2026: Starting daily container restart to refresh DNS and network stack
Mon  9 Feb 04:00:01 MST 2026: Container not running, starting it
 Container montana-trackmania-bot  Running
Mon  9 Feb 04:00:01 MST 2026: Daily restart completed
Tue 10 Feb 04:00:01 MST 2026: Starting daily container restart to refresh DNS and network stack
Tue 10 Feb 04:00:01 MST 2026: Container not running, starting it
 Container montana-trackmania-bot  Running
Tue 10 Feb 04:00:01 MST 2026: Daily restart completed
Wed 11 Feb 04:00:01 MST 2026: Starting daily container restart to refresh DNS and network stack
Wed 11 Feb 04:00:01 MST 2026: Container not running, starting it
 Container montana-trackmania-bot  Running
Wed 11 Feb 04:00:01 MST 2026: Daily restart completed
Thu 12 Feb 04:00:01 MST 2026: Starting daily container restart to refresh DNS and network stack
Thu 12 Feb 04:00:01 MST 2026: Container not running, starting it
 Container montana-trackmania-bot  Running
Thu 12 Feb 04:00:01 MST 2026: Daily restart completed
Fri 13 Feb 04:00:01 MST 2026: Starting daily container restart to refresh DNS and network stack
Fri 13 Feb 04:00:01 MST 2026: Container not running, starting it
 Container montana-trackmania-bot  Running
Fri 13 Feb 04:00:02 MST 2026: Daily restart completed
Sat 14 Feb 04:00:01 MST 2026: Starting daily container restart to refresh DNS and network stack
Sat 14 Feb 04:00:01 MST 2026: Container not running, starting it
 Container montana-trackmania-bot  Running
Sat 14 Feb 04:00:01 MST 2026: Daily restart completed
Sun 15 Feb 04:00:01 MST 2026: Starting daily container restart to refresh DNS and network stack
Sun 15 Feb 04:00:02 MST 2026: Container not running, starting it
 Container montana-trackmania-bot  Running
Sun 15 Feb 04:00:02 MST 2026: Daily restart completed
Mon 16 Feb 04:00:01 MST 2026: Starting daily container restart to refresh DNS and network stack
Mon 16 Feb 04:00:02 MST 2026: Container not running, starting it
 Container montana-trackmania-bot  Running
Mon 16 Feb 04:00:02 MST 2026: Daily restart completed
Tue 17 Feb 04:00:01 MST 2026: Starting daily container restart to refresh DNS and network stack
Tue 17 Feb 04:00:01 MST 2026: Container not running, starting it
 Container montana-trackmania-bot  Running
Tue 17 Feb 04:00:01 MST 2026: Daily restart completed
Wed 18 Feb 04:00:01 MST 2026: Starting daily container restart to refresh DNS and network stack
Wed 18 Feb 04:00:01 MST 2026: Container not running, starting it
 Container montana-trackmania-bot  Running
Wed 18 Feb 04:00:01 MST 2026: Daily restart completed
Thu 19 Feb 04:00:01 MST 2026: Starting daily container restart to refresh DNS and network stack
Thu 19 Feb 04:00:01 MST 2026: Container not running, starting it
 Container montana-trackmania-bot  Running
Thu 19 Feb 04:00:01 MST 2026: Daily restart completed
Fri 20 Feb 04:00:01 MST 2026: Starting daily container restart to refresh DNS and network stack
Fri 20 Feb 04:00:01 MST 2026: Container not running, starting it
 Container montana-trackmania-bot  Running
Fri 20 Feb 04:00:01 MST 2026: Daily restart completed
Sat 21 Feb 04:00:01 MST 2026: Starting daily container restart to refresh DNS and network stack
Sat 21 Feb 04:00:01 MST 2026: Container not running, starting it
 Container montana-trackmania-bot  Running
Sat 21 Feb 04:00:01 MST 2026: Daily restart completed
Sun 22 Feb 04:00:01 MST 2026: Starting daily container restart to refresh DNS and network stack
Sun 22 Feb 04:00:01 MST 2026: Container not running, starting it
 Container montana-trackmania-bot  Running
Sun 22 Feb 04:00:01 MST 2026: Daily restart completed
Mon 23 Feb 04:00:01 MST 2026: Starting daily container restart to refresh DNS and network stack
Mon 23 Feb 04:00:01 MST 2026: Container not running, starting it
 Container montana-trackmania-bot  Running
Mon 23 Feb 04:00:01 MST 2026: Daily restart completed
Tue 24 Feb 04:00:01 MST 2026: Starting daily container restart to refresh DNS and network stack
Tue 24 Feb 04:00:01 MST 2026: Container not running, starting it
 Container montana-trackmania-bot  Running
Tue 24 Feb 04:00:01 MST 2026: Daily restart completed
Wed 25 Feb 04:00:01 MST 2026: Starting daily container restart to refresh DNS and network stack
Wed 25 Feb 04:00:01 MST 2026: Container not running, starting it
 Container montana-trackmania-bot  Running
Wed 25 Feb 04:00:01 MST 2026: Daily restart completed
Thu 26 Feb 04:00:01 MST 2026: Starting daily container restart to refresh DNS and network stack
Thu 26 Feb 04:00:01 MST 2026: Container not running, starting it
 Container montana-trackmania-bot  Running
Thu 26 Feb 04:00:01 MST 2026: Daily restart completed
Fri 27 Feb 04:00:02 MST 2026: Starting daily container restart to refresh DNS and network stack
Fri 27 Feb 04:00:02 MST 2026: Container not running, starting it
 Container montana-trackmania-bot  Running
Fri 27 Feb 04:00:02 MST 2026: Daily restart completed
